{
  "timestamp": "2026-05-02T19:09:40.279Z",
  "error": {
    "code": "22003",
    "details": "A field with precision 10, scale 2 must round to an absolute value less than 10^8.",
    "hint": null,
    "message": "numeric field overflow"
  },
  "payload": {
    "make": "Toyota",
    "model": "Actyon",
    "year": 2001,
    "vin": "1234567890987654321211",
    "license_plate": "ABC-1211",
    "transmission": "Automatic",
    "fuel_type": "Petrol",
    "engine_capacity": "1000cc",
    "color": "sdfdsf",
    "mileage": 11,
    "daily_rate": 100000000,
    "branch": "Colombo HQ",
    "status": "Available"
  }
}